// Jest Snapshot v1, https://goo.gl/fbAQLP

exports[`Welcome it should match the snapshot 1`] = `
ShallowWrapper {
  Symbol(enzyme.__root__): [Circular],
  Symbol(enzyme.__unrendered__): <Welcome />,
  Symbol(enzyme.__renderer__): Object {
    "batchedUpdates": [Function],
    "getNode": [Function],
    "render": [Function],
    "simulateError": [Function],
    "simulateEvent": [Function],
    "unmount": [Function],
  },
  Symbol(enzyme.__node__): Object {
    "instance": null,
    "key": undefined,
    "nodeType": "host",
    "props": Object {
      "children": <section
        className="welcome-message"
      >
        <h3>
          Welcome Teachers and Life-long Students
        </h3>
        <p>
          This application aggrogates infromation on bills that have become law.  Hopefully you can use this information to engage your students with current issues as you help them to understand the process of how a bill becomes law.  We invite you to save topics for later reference by clicking in the top right of the information.
        </p>
      </section>,
      "className": "welcome",
    },
    "ref": null,
    "rendered": Object {
      "instance": null,
      "key": undefined,
      "nodeType": "host",
      "props": Object {
        "children": Array [
          <h3>
            Welcome Teachers and Life-long Students
          </h3>,
          <p>
            This application aggrogates infromation on bills that have become law.  Hopefully you can use this information to engage your students with current issues as you help them to understand the process of how a bill becomes law.  We invite you to save topics for later reference by clicking in the top right of the information.
          </p>,
        ],
        "className": "welcome-message",
      },
      "ref": null,
      "rendered": Array [
        Object {
          "instance": null,
          "key": undefined,
          "nodeType": "host",
          "props": Object {
            "children": "Welcome Teachers and Life-long Students",
          },
          "ref": null,
          "rendered": "Welcome Teachers and Life-long Students",
          "type": "h3",
        },
        Object {
          "instance": null,
          "key": undefined,
          "nodeType": "host",
          "props": Object {
            "children": "This application aggrogates infromation on bills that have become law.  Hopefully you can use this information to engage your students with current issues as you help them to understand the process of how a bill becomes law.  We invite you to save topics for later reference by clicking in the top right of the information.",
          },
          "ref": null,
          "rendered": "This application aggrogates infromation on bills that have become law.  Hopefully you can use this information to engage your students with current issues as you help them to understand the process of how a bill becomes law.  We invite you to save topics for later reference by clicking in the top right of the information.",
          "type": "p",
        },
      ],
      "type": "section",
    },
    "type": "div",
  },
  Symbol(enzyme.__nodes__): Array [
    Object {
      "instance": null,
      "key": undefined,
      "nodeType": "host",
      "props": Object {
        "children": <section
          className="welcome-message"
        >
          <h3>
            Welcome Teachers and Life-long Students
          </h3>
          <p>
            This application aggrogates infromation on bills that have become law.  Hopefully you can use this information to engage your students with current issues as you help them to understand the process of how a bill becomes law.  We invite you to save topics for later reference by clicking in the top right of the information.
          </p>
        </section>,
        "className": "welcome",
      },
      "ref": null,
      "rendered": Object {
        "instance": null,
        "key": undefined,
        "nodeType": "host",
        "props": Object {
          "children": Array [
            <h3>
              Welcome Teachers and Life-long Students
            </h3>,
            <p>
              This application aggrogates infromation on bills that have become law.  Hopefully you can use this information to engage your students with current issues as you help them to understand the process of how a bill becomes law.  We invite you to save topics for later reference by clicking in the top right of the information.
            </p>,
          ],
          "className": "welcome-message",
        },
        "ref": null,
        "rendered": Array [
          Object {
            "instance": null,
            "key": undefined,
            "nodeType": "host",
            "props": Object {
              "children": "Welcome Teachers and Life-long Students",
            },
            "ref": null,
            "rendered": "Welcome Teachers and Life-long Students",
            "type": "h3",
          },
          Object {
            "instance": null,
            "key": undefined,
            "nodeType": "host",
            "props": Object {
              "children": "This application aggrogates infromation on bills that have become law.  Hopefully you can use this information to engage your students with current issues as you help them to understand the process of how a bill becomes law.  We invite you to save topics for later reference by clicking in the top right of the information.",
            },
            "ref": null,
            "rendered": "This application aggrogates infromation on bills that have become law.  Hopefully you can use this information to engage your students with current issues as you help them to understand the process of how a bill becomes law.  We invite you to save topics for later reference by clicking in the top right of the information.",
            "type": "p",
          },
        ],
        "type": "section",
      },
      "type": "div",
    },
  ],
  Symbol(enzyme.__options__): Object {
    "adapter": ReactSixteenAdapter {
      "options": Object {
        "enableComponentDidUpdateOnSetState": true,
        "lifecycles": Object {
          "componentDidUpdate": Object {
            "onSetState": true,
          },
          "getDerivedStateFromProps": true,
          "getSnapshotBeforeUpdate": true,
          "setState": Object {
            "skipsComponentDidUpdateOnNullish": true,
          },
        },
      },
    },
  },
}
`;
