// Jest Snapshot v1, https://goo.gl/fbAQLP

exports[`App Container should match the screenshot 1`] = `
ShallowWrapper {
  Symbol(enzyme.__root__): [Circular],
  Symbol(enzyme.__unrendered__): <App />,
  Symbol(enzyme.__renderer__): Object {
    "batchedUpdates": [Function],
    "getNode": [Function],
    "render": [Function],
    "simulateError": [Function],
    "simulateEvent": [Function],
    "unmount": [Function],
  },
  Symbol(enzyme.__node__): Object {
    "instance": null,
    "key": undefined,
    "nodeType": "host",
    "props": Object {
      "children": Array [
        <section
          className="App"
        >
          <Link
            className="header"
            replace={false}
            to="/"
          >
            <header>
              <h1>
                Just A Bill
              </h1>
            </header>
          </Link>
          <div
            className="nav-section"
          >
            <NavLink
              activeClassName="active"
              aria-current="page"
              className="nav"
              to="/bills"
            >
              Bills
            </NavLink>
            <NavLink
              activeClassName="active"
              aria-current="page"
              className="nav"
              to="/favorites"
            >
              Favorites
            </NavLink>
          </div>
        </section>,
        <Switch>
          <Route
            component={[Function]}
            exact={true}
            path="/"
          />
          <Route
            exact={true}
            path="/bills"
            render={[Function]}
          />
          <Route
            exact={true}
            path="/favorites"
            render={[Function]}
          />
          <Route
            render={[Function]}
          />
        </Switch>,
      ],
    },
    "ref": null,
    "rendered": Array [
      Object {
        "instance": null,
        "key": undefined,
        "nodeType": "host",
        "props": Object {
          "children": Array [
            <Link
              className="header"
              replace={false}
              to="/"
            >
              <header>
                <h1>
                  Just A Bill
                </h1>
              </header>
            </Link>,
            <div
              className="nav-section"
            >
              <NavLink
                activeClassName="active"
                aria-current="page"
                className="nav"
                to="/bills"
              >
                Bills
              </NavLink>
              <NavLink
                activeClassName="active"
                aria-current="page"
                className="nav"
                to="/favorites"
              >
                Favorites
              </NavLink>
            </div>,
          ],
          "className": "App",
        },
        "ref": null,
        "rendered": Array [
          Object {
            "instance": null,
            "key": undefined,
            "nodeType": "class",
            "props": Object {
              "children": <header>
                <h1>
                  Just A Bill
                </h1>
              </header>,
              "className": "header",
              "replace": false,
              "to": "/",
            },
            "ref": null,
            "rendered": Object {
              "instance": null,
              "key": undefined,
              "nodeType": "host",
              "props": Object {
                "children": <h1>
                  Just A Bill
                </h1>,
              },
              "ref": null,
              "rendered": Object {
                "instance": null,
                "key": undefined,
                "nodeType": "host",
                "props": Object {
                  "children": "Just A Bill",
                },
                "ref": null,
                "rendered": "Just A Bill",
                "type": "h1",
              },
              "type": "header",
            },
            "type": [Function],
          },
          Object {
            "instance": null,
            "key": undefined,
            "nodeType": "host",
            "props": Object {
              "children": Array [
                <NavLink
                  activeClassName="active"
                  aria-current="page"
                  className="nav"
                  to="/bills"
                >
                  Bills
                </NavLink>,
                <NavLink
                  activeClassName="active"
                  aria-current="page"
                  className="nav"
                  to="/favorites"
                >
                  Favorites
                </NavLink>,
              ],
              "className": "nav-section",
            },
            "ref": null,
            "rendered": Array [
              Object {
                "instance": null,
                "key": undefined,
                "nodeType": "function",
                "props": Object {
                  "activeClassName": "active",
                  "aria-current": "page",
                  "children": "Bills",
                  "className": "nav",
                  "to": "/bills",
                },
                "ref": null,
                "rendered": "Bills",
                "type": [Function],
              },
              Object {
                "instance": null,
                "key": undefined,
                "nodeType": "function",
                "props": Object {
                  "activeClassName": "active",
                  "aria-current": "page",
                  "children": "Favorites",
                  "className": "nav",
                  "to": "/favorites",
                },
                "ref": null,
                "rendered": "Favorites",
                "type": [Function],
              },
            ],
            "type": "div",
          },
        ],
        "type": "section",
      },
      Object {
        "instance": null,
        "key": undefined,
        "nodeType": "class",
        "props": Object {
          "children": Array [
            <Route
              component={[Function]}
              exact={true}
              path="/"
            />,
            <Route
              exact={true}
              path="/bills"
              render={[Function]}
            />,
            <Route
              exact={true}
              path="/favorites"
              render={[Function]}
            />,
            <Route
              render={[Function]}
            />,
          ],
        },
        "ref": null,
        "rendered": Array [
          Object {
            "instance": null,
            "key": undefined,
            "nodeType": "class",
            "props": Object {
              "component": [Function],
              "exact": true,
              "path": "/",
            },
            "ref": null,
            "rendered": null,
            "type": [Function],
          },
          Object {
            "instance": null,
            "key": undefined,
            "nodeType": "class",
            "props": Object {
              "exact": true,
              "path": "/bills",
              "render": [Function],
            },
            "ref": null,
            "rendered": null,
            "type": [Function],
          },
          Object {
            "instance": null,
            "key": undefined,
            "nodeType": "class",
            "props": Object {
              "exact": true,
              "path": "/favorites",
              "render": [Function],
            },
            "ref": null,
            "rendered": null,
            "type": [Function],
          },
          Object {
            "instance": null,
            "key": undefined,
            "nodeType": "class",
            "props": Object {
              "render": [Function],
            },
            "ref": null,
            "rendered": null,
            "type": [Function],
          },
        ],
        "type": [Function],
      },
    ],
    "type": "div",
  },
  Symbol(enzyme.__nodes__): Array [
    Object {
      "instance": null,
      "key": undefined,
      "nodeType": "host",
      "props": Object {
        "children": Array [
          <section
            className="App"
          >
            <Link
              className="header"
              replace={false}
              to="/"
            >
              <header>
                <h1>
                  Just A Bill
                </h1>
              </header>
            </Link>
            <div
              className="nav-section"
            >
              <NavLink
                activeClassName="active"
                aria-current="page"
                className="nav"
                to="/bills"
              >
                Bills
              </NavLink>
              <NavLink
                activeClassName="active"
                aria-current="page"
                className="nav"
                to="/favorites"
              >
                Favorites
              </NavLink>
            </div>
          </section>,
          <Switch>
            <Route
              component={[Function]}
              exact={true}
              path="/"
            />
            <Route
              exact={true}
              path="/bills"
              render={[Function]}
            />
            <Route
              exact={true}
              path="/favorites"
              render={[Function]}
            />
            <Route
              render={[Function]}
            />
          </Switch>,
        ],
      },
      "ref": null,
      "rendered": Array [
        Object {
          "instance": null,
          "key": undefined,
          "nodeType": "host",
          "props": Object {
            "children": Array [
              <Link
                className="header"
                replace={false}
                to="/"
              >
                <header>
                  <h1>
                    Just A Bill
                  </h1>
                </header>
              </Link>,
              <div
                className="nav-section"
              >
                <NavLink
                  activeClassName="active"
                  aria-current="page"
                  className="nav"
                  to="/bills"
                >
                  Bills
                </NavLink>
                <NavLink
                  activeClassName="active"
                  aria-current="page"
                  className="nav"
                  to="/favorites"
                >
                  Favorites
                </NavLink>
              </div>,
            ],
            "className": "App",
          },
          "ref": null,
          "rendered": Array [
            Object {
              "instance": null,
              "key": undefined,
              "nodeType": "class",
              "props": Object {
                "children": <header>
                  <h1>
                    Just A Bill
                  </h1>
                </header>,
                "className": "header",
                "replace": false,
                "to": "/",
              },
              "ref": null,
              "rendered": Object {
                "instance": null,
                "key": undefined,
                "nodeType": "host",
                "props": Object {
                  "children": <h1>
                    Just A Bill
                  </h1>,
                },
                "ref": null,
                "rendered": Object {
                  "instance": null,
                  "key": undefined,
                  "nodeType": "host",
                  "props": Object {
                    "children": "Just A Bill",
                  },
                  "ref": null,
                  "rendered": "Just A Bill",
                  "type": "h1",
                },
                "type": "header",
              },
              "type": [Function],
            },
            Object {
              "instance": null,
              "key": undefined,
              "nodeType": "host",
              "props": Object {
                "children": Array [
                  <NavLink
                    activeClassName="active"
                    aria-current="page"
                    className="nav"
                    to="/bills"
                  >
                    Bills
                  </NavLink>,
                  <NavLink
                    activeClassName="active"
                    aria-current="page"
                    className="nav"
                    to="/favorites"
                  >
                    Favorites
                  </NavLink>,
                ],
                "className": "nav-section",
              },
              "ref": null,
              "rendered": Array [
                Object {
                  "instance": null,
                  "key": undefined,
                  "nodeType": "function",
                  "props": Object {
                    "activeClassName": "active",
                    "aria-current": "page",
                    "children": "Bills",
                    "className": "nav",
                    "to": "/bills",
                  },
                  "ref": null,
                  "rendered": "Bills",
                  "type": [Function],
                },
                Object {
                  "instance": null,
                  "key": undefined,
                  "nodeType": "function",
                  "props": Object {
                    "activeClassName": "active",
                    "aria-current": "page",
                    "children": "Favorites",
                    "className": "nav",
                    "to": "/favorites",
                  },
                  "ref": null,
                  "rendered": "Favorites",
                  "type": [Function],
                },
              ],
              "type": "div",
            },
          ],
          "type": "section",
        },
        Object {
          "instance": null,
          "key": undefined,
          "nodeType": "class",
          "props": Object {
            "children": Array [
              <Route
                component={[Function]}
                exact={true}
                path="/"
              />,
              <Route
                exact={true}
                path="/bills"
                render={[Function]}
              />,
              <Route
                exact={true}
                path="/favorites"
                render={[Function]}
              />,
              <Route
                render={[Function]}
              />,
            ],
          },
          "ref": null,
          "rendered": Array [
            Object {
              "instance": null,
              "key": undefined,
              "nodeType": "class",
              "props": Object {
                "component": [Function],
                "exact": true,
                "path": "/",
              },
              "ref": null,
              "rendered": null,
              "type": [Function],
            },
            Object {
              "instance": null,
              "key": undefined,
              "nodeType": "class",
              "props": Object {
                "exact": true,
                "path": "/bills",
                "render": [Function],
              },
              "ref": null,
              "rendered": null,
              "type": [Function],
            },
            Object {
              "instance": null,
              "key": undefined,
              "nodeType": "class",
              "props": Object {
                "exact": true,
                "path": "/favorites",
                "render": [Function],
              },
              "ref": null,
              "rendered": null,
              "type": [Function],
            },
            Object {
              "instance": null,
              "key": undefined,
              "nodeType": "class",
              "props": Object {
                "render": [Function],
              },
              "ref": null,
              "rendered": null,
              "type": [Function],
            },
          ],
          "type": [Function],
        },
      ],
      "type": "div",
    },
  ],
  Symbol(enzyme.__options__): Object {
    "adapter": ReactSixteenAdapter {
      "options": Object {
        "enableComponentDidUpdateOnSetState": true,
        "lifecycles": Object {
          "componentDidUpdate": Object {
            "onSetState": true,
          },
          "getDerivedStateFromProps": true,
          "getSnapshotBeforeUpdate": true,
          "setState": Object {
            "skipsComponentDidUpdateOnNullish": true,
          },
        },
      },
    },
  },
}
`;
